// Jest Snapshot v1, https://goo.gl/fbAQLP

exports[`Component: Authenticateenticate Admin Protected Routes test suite Redirects user to homepage they are not Admin 1`] = `
<AddEvent
  auth={
    Object {
      "isAuthenticated": false,
      "user": null,
    }
  }
  history={
    Object {
      "push": [MockFunction] {
        "calls": Array [
          Array [
            "/login",
          ],
        ],
      },
    }
  }
  isAuthenticated={false}
/>
`;
