// Jest Snapshot v1, https://goo.gl/fbAQLP

exports[`<Display /> should render initial layout of Display 1`] = `
Array [
  <div
    className="card d-lg-inline-block"
    style={
      Object {
        "width": "20rem",
      }
    }
  >
    <img
      alt="Card cap"
      className="card-img-top"
      src="http://lol/com"
      style={
        Object {
          "height": "15rem",
          "objectFit": "cover",
        }
      }
    />
    <div
      className="card-body"
    >
      <h4
        className="card-title"
      >
        tome
      </h4>
      <span
        className="card-text"
      >
        2018-10-10
      </span>
       To 
      <span
        className="card-text"
      >
        2018-11-12
      </span>
      <h6
        className="card-text"
      >
        lol
      </h6>
      <h6
        className="btn btn-primary"
      >
        View more
      </h6>
    </div>
  </div>,
]
`;
